<html>
<body>
<pre>
<h1>µVision Build Log</h1>
<h2>Tool Versions:</h2>
IDE-Version: ¦ÌVision V5.28.0.0
Copyright (C) 2019 ARM Ltd and ARM Germany GmbH. All rights reserved.
License Information: Kevin Kevin, Kevin, LIC=4ZLZX-HV48P-GQP0H-WEFLH-27WGW-J9R24
 
Tool Versions:
Toolchain:       MDK-ARM Professional  Version: 5.28.0.0
Toolchain Path:  D:\Keil_v5\ARM\ARMCLANG\Bin
C Compiler:      ArmClang.exe V6.12
Assembler:       Armasm.exe V6.12
Linker/Locator:  ArmLink.exe V6.12
Library Manager: ArmAr.exe V6.12
Hex Converter:   FromElf.exe V6.12
CPU DLL:         SARMCM3.DLL V5.28.0.0
Dialog DLL:      DCM.DLL V1.17.3.0
Target DLL:      Segger\JL2CM3.dll V2.99.36.0
Dialog DLL:      TCM.DLL V1.36.2.0
 
<h2>Project:</h2>
F:\Github\OpenMV_PCB\Keil\OpenMV_CubeMX\MDK-ARM\main.uvprojx
Project File Date:  06/17/2020

<h2>Output:</h2>
*** Using Compiler 'V6.12', folder: 'D:\Keil_v5\ARM\ARMCLANG\Bin'
Build target 'Debug'
compiling bsp_st7789vw.c...
linking...
Program Size: Code=78890 RO-data=214494 RW-data=704 ZI-data=562528  
FromELF: creating hex file...
".\Objects\main.axf" - 0 Error(s), 0 Warning(s).

<h2>Software Packages used:</h2>

Package Vendor: ARM
                http://www.keil.com/pack/ARM.CMSIS.5.5.1.pack
                ARM.CMSIS.5.5.1
                CMSIS (Cortex Microcontroller Software Interface Standard)
   * Component: CORE Version: 5.2.0
   * Component: DSP Variant: Source Version: 1.6.0

Package Vendor: Keil
                https://www.keil.com/pack/Keil.STM32H7xx_DFP.2.3.1.pack
                Keil.STM32H7xx_DFP.2.3.1
                STMicroelectronics STM32H7 Series Device Support and Examples
   * Component: COMP Version: 1.5.0
   * Component: Common Version: 1.5.0
   * Component: Cortex Version: 1.5.0
   * Component: DCMI Version: 1.5.0
   * Component: DMA Version: 1.5.0
   * Component: Flash Version: 1.5.0
   * Component: GPIO Version: 1.5.0
   * Component: I2C Version: 1.5.0
   * Component: MMC Version: 1.5.0
   * Component: PCD Version: 1.5.0
   * Component: PWR Version: 1.5.0
   * Component: RCC Version: 1.5.0
   * Component: SD Version: 1.5.0
   * Component: SPI Version: 1.5.0
   * Component: TIM Version: 1.5.0
   * Component: UART Version: 1.5.0
   * Component: USART Version: 1.5.0
   * Component: USB Version: 1.5.0
   * Component: Startup Version: 1.5.0

<h2>Collection of Component include folders:</h2>
  .\RTE\_Debug
  D:\Keil_v5\Arm\Packs\ARM\CMSIS\5.5.1\CMSIS\Core\Include
  D:\Keil_v5\Arm\Packs\ARM\CMSIS\5.5.1\CMSIS\DSP\Include
  D:\Keil_v5\Arm\Packs\Keil\STM32H7xx_DFP\2.3.1\Drivers\CMSIS\Device\ST\STM32H7xx\Include
  D:\Keil_v5\Arm\Packs\Keil\STM32H7xx_DFP\2.3.1\Drivers\STM32H7xx_HAL_Driver\Inc

<h2>Collection of Component Files used:</h2>

   * Component: ARM::CMSIS:CORE:5.2.0

   * Component: ARM::CMSIS:DSP:Source:1.6.0
      Include file:  CMSIS\DSP\Include\arm_math.h
      Source file:   CMSIS\DSP\Source\FilteringFunctions\FilteringFunctions.c
      Source file:   CMSIS\DSP\Source\CommonTables\CommonTables.c
      Source file:   CMSIS\DSP\Source\BasicMathFunctions\BasicMathFunctions.c
      Source file:   CMSIS\DSP\Source\ComplexMathFunctions\ComplexMathFunctions.c
      Source file:   CMSIS\DSP\Source\ControllerFunctions\ControllerFunctions.c
      Source file:   CMSIS\DSP\Source\FastMathFunctions\FastMathFunctions.c
      Source file:   CMSIS\DSP\Source\MatrixFunctions\MatrixFunctions.c
      Source file:   CMSIS\DSP\Source\SupportFunctions\SupportFunctions.c
      Source file:   CMSIS\DSP\Source\StatisticsFunctions\StatisticsFunctions.c
      Source file:   CMSIS\DSP\Source\TransformFunctions\TransformFunctions.c

   * Component: Keil::Device:STM32Cube HAL:COMP:1.5.0
      Source file:   Drivers\STM32H7xx_HAL_Driver\Src\stm32h7xx_hal_comp.c

   * Component: Keil::Device:STM32Cube HAL:Common:1.5.0
      Source file:   Drivers\STM32H7xx_HAL_Driver\Src\stm32h7xx_hal.c
      Include file:  Drivers\STM32H7xx_HAL_Driver\Inc\stm32h7xx_hal.h

   * Component: Keil::Device:STM32Cube HAL:Cortex:1.5.0
      Source file:   Drivers\STM32H7xx_HAL_Driver\Src\stm32h7xx_hal_cortex.c

   * Component: Keil::Device:STM32Cube HAL:DCMI:1.5.0
      Source file:   Drivers\STM32H7xx_HAL_Driver\Src\stm32h7xx_hal_dcmi.c

   * Component: Keil::Device:STM32Cube HAL:DMA:1.5.0
      Source file:   Drivers\STM32H7xx_HAL_Driver\Src\stm32h7xx_hal_dma_ex.c
      Source file:   Drivers\STM32H7xx_HAL_Driver\Src\stm32h7xx_hal_dma.c

   * Component: Keil::Device:STM32Cube HAL:Flash:1.5.0
      Source file:   Drivers\STM32H7xx_HAL_Driver\Src\stm32h7xx_hal_flash.c
      Source file:   Drivers\STM32H7xx_HAL_Driver\Src\stm32h7xx_hal_flash_ex.c

   * Component: Keil::Device:STM32Cube HAL:GPIO:1.5.0
      Source file:   Drivers\STM32H7xx_HAL_Driver\Src\stm32h7xx_hal_gpio.c

   * Component: Keil::Device:STM32Cube HAL:I2C:1.5.0
      Source file:   Drivers\STM32H7xx_HAL_Driver\Src\stm32h7xx_hal_i2c.c
      Source file:   Drivers\STM32H7xx_HAL_Driver\Src\stm32h7xx_hal_i2c_ex.c

   * Component: Keil::Device:STM32Cube HAL:MMC:1.5.0
      Source file:   Drivers\STM32H7xx_HAL_Driver\Src\stm32h7xx_hal_mmc_ex.c
      Source file:   Drivers\STM32H7xx_HAL_Driver\Src\stm32h7xx_ll_sdmmc.c
      Source file:   Drivers\STM32H7xx_HAL_Driver\Src\stm32h7xx_hal_mmc.c

   * Component: Keil::Device:STM32Cube HAL:PCD:1.5.0
      Source file:   Drivers\STM32H7xx_HAL_Driver\Src\stm32h7xx_hal_pcd_ex.c
      Source file:   Drivers\STM32H7xx_HAL_Driver\Src\stm32h7xx_hal_pcd.c
      Source file:   Drivers\STM32H7xx_HAL_Driver\Src\stm32h7xx_ll_usb.c

   * Component: Keil::Device:STM32Cube HAL:PWR:1.5.0
      Source file:   Drivers\STM32H7xx_HAL_Driver\Src\stm32h7xx_hal_pwr_ex.c
      Source file:   Drivers\STM32H7xx_HAL_Driver\Src\stm32h7xx_hal_pwr.c

   * Component: Keil::Device:STM32Cube HAL:RCC:1.5.0
      Source file:   Drivers\STM32H7xx_HAL_Driver\Src\stm32h7xx_hal_rcc.c
      Source file:   Drivers\STM32H7xx_HAL_Driver\Src\stm32h7xx_hal_rcc_ex.c

   * Component: Keil::Device:STM32Cube HAL:SD:1.5.0
      Source file:   Drivers\STM32H7xx_HAL_Driver\Src\stm32h7xx_ll_sdmmc.c
      Source file:   Drivers\STM32H7xx_HAL_Driver\Src\stm32h7xx_ll_delayblock.c
      Source file:   Drivers\STM32H7xx_HAL_Driver\Src\stm32h7xx_hal_sd.c
      Source file:   Drivers\STM32H7xx_HAL_Driver\Src\stm32h7xx_hal_sd_ex.c

   * Component: Keil::Device:STM32Cube HAL:SPI:1.5.0
      Source file:   Drivers\STM32H7xx_HAL_Driver\Src\stm32h7xx_hal_spi.c
      Source file:   Drivers\STM32H7xx_HAL_Driver\Src\stm32h7xx_hal_spi_ex.c

   * Component: Keil::Device:STM32Cube HAL:TIM:1.5.0
      Source file:   Drivers\STM32H7xx_HAL_Driver\Src\stm32h7xx_hal_tim.c
      Source file:   Drivers\STM32H7xx_HAL_Driver\Src\stm32h7xx_hal_tim_ex.c

   * Component: Keil::Device:STM32Cube HAL:UART:1.5.0
      Source file:   Drivers\STM32H7xx_HAL_Driver\Src\stm32h7xx_hal_uart_ex.c
      Source file:   Drivers\STM32H7xx_HAL_Driver\Src\stm32h7xx_hal_uart.c

   * Component: Keil::Device:STM32Cube HAL:USART:1.5.0
      Source file:   Drivers\STM32H7xx_HAL_Driver\Src\stm32h7xx_hal_usart.c
      Source file:   Drivers\STM32H7xx_HAL_Driver\Src\stm32h7xx_hal_usart_ex.c

   * Component: Keil::Device:STM32Cube LL:USB:1.5.0
      Source file:   Drivers\STM32H7xx_HAL_Driver\Src\stm32h7xx_ll_usb.c

   * Component: Keil::Device:Startup:1.5.0
      Source file:   Drivers\CMSIS\Device\ST\STM32H7xx\Source\Templates\arm\startup_stm32h743xx.s
      Include file:  Drivers\CMSIS\Device\ST\STM32H7xx\Include\stm32h7xx.h
      Source file:   Drivers\CMSIS\Device\ST\STM32H7xx\Source\Templates\system_stm32h7xx.c
Build Time Elapsed:  00:00:02
</pre>
</body>
</html>
